// Jest Snapshot v1, https://goo.gl/fbAQLP

exports[`<Bomb /> renders UI as expected 1`] = `
<div>
  <p
    className="sound"
  >
    "tick"
  </p>
  <p
    className="counter"
  >
    1
  </p>
</div>
`;
