// Jest Snapshot v1, https://goo.gl/fbAQLP

exports[`<HelloWorld /> renders UI as expected 1`] = `
<div
  className="greetings"
>
  <p>
    Hello, 
    who?
  </p>
  <button
    onClick={[Function]}
    value="world!"
  >
    World
  </button>
  <button
    onClick={[Function]}
    value="friend!"
  >
    Friend
  </button>
  <button
    onClick={[Function]}
    value="React!"
  >
    React
  </button>
</div>
`;
